
=== 第 1 轮，剩余 140 道菜 ===

[1/140] 红烧牛腩 → 食谱(精确)无图
[2/140] 水煮牛肉 → ✓ (精确)
[3/140] 新疆过油肉 → 食谱(近似)无图
[4/140] 小炒黄牛肉 → ✓ (精确)
[5/140] 煎牛排 → ✓ (近似)
[6/140] 香辣蹄筋 → 食谱(近似)无图
[7/140] 酸汤肥牛 → ✓ (精确)
[8/140] 五香酱牛肉 → 食谱(精确)无图
[9/140] 红烧牛腱子块 → 食谱(近似)无图
[10/140] 西安涮牛肚 → 食谱(近似)无图
[11/140] 卤金钱肚 → 食谱(精确)无图
[12/140] 青椒炒牛肚 → 食谱(精确)无图
  ⏳ 节流检测，等待 300s ...
[13/140] 芫爆散丹 → 食谱(精确)无图
[14/140] 老北京爆肚 → 食谱(精确)无图
[15/140] 红烧牛尾 → ✓ (精确)
[16/140] 清炖牛尾 → ✓ (近似)
[17/140] 整羊排烧烤 → 食谱(近似)无图
[18/140] 红焖羊排 → 食谱(精确)无图
[19/140] 香煎小羊排 → ✓ (精确)
[20/140] 孜然羊排 → ✓ (精确)
[21/140] 孜然烤羊小腿 → ✓ (精确)
[22/140] 烤羊大腿 → ✓ (近似)
[23/140] 胡辣羊蹄 → ✓ (精确)
[24/140] 红焖羊小腿 → 食谱(精确)无图
[25/140] 老北京烧羊肉 → 食谱(精确)无图
[26/140] 羊肉串 → 食谱(近似)无图
[27/140] 葱爆羊肉 → 食谱(精确)无图
[28/140] 孜然羊肉粒 → 食谱(精确)无图
  ⏳ 节流检测，等待 300s ...
[29/140] 涮羊肉 → ✓ (精确)
[30/140] 滑溜鸡片 → 食谱(精确)无图
[31/140] 黄瓜鸡丁 → ✓ (精确)
[32/140] 青椒鸡丁 → 食谱(精确)无图
[33/140] 炸鸡排 → 食谱(精确)无图
[34/140] 宫保鸡丁 → ✓ (精确)
[35/140] 酱爆鸡丁 → 食谱(精确)无图
[36/140] 辣子鸡丁 → ✓ (精确)
[37/140] 歌乐山辣子鸡 → ✓ (精确)
[38/140] 日式炸鸡块 → 食谱(精确)无图
[39/140] 香菇滑鸡 → 食谱(精确)无图
[40/140] 大盘鸡 → ✓ (精确)
[41/140] 干锅鸡翅 → 食谱(精确)无图
[42/140] 烤鸡翅 → ✓ (近似)
[43/140] 红烧鸡翅中 → 食谱(精确)无图
[44/140] 红烧鸡翅根 → 食谱(精确)无图
[45/140] 炸鸡翅 → ✓ (精确)
[46/140] 盐焗鸡翅 → 食谱(精确)无图
[47/140] 红烧鸡腿 → ✓ (精确)
[48/140] 脆皮炸鸡大腿 → 食谱(近似)无图
[49/140] 五香煎鸡腿排 → ✓ (近似)
[50/140] 孜然煎鸡腿排 → ✓ (近似)
[51/140] 照烧鸡腿 → ✓ (精确)
[52/140] 五香热卤鸡胗 → 食谱(近似)无图
[53/140] 酸菜炒鸡胗 → 食谱(精确)无图
[54/140] 糖醋鱼 → 食谱(精确)无图
[55/140] 清蒸鱼 → ✓ (精确)
[56/140] 红烧鱼 → 食谱(精确)无图
[57/140] 炸鱼柳 → 食谱(精确)无图
[58/140] 干烧鱼块 → ✓ (精确)
[59/140] 酸菜鱼 → ✓ (精确)
[60/140] 水煮鱼 → 食谱(近似)无图
[61/140] 香煎鱼排 → 食谱(精确)无图
[62/140] 万州烤鱼 → ✓ (近似)
[63/140] 干炸带鱼 → 食谱(精确)无图
[64/140] 天妇罗炸虾 → 无同名食谱，跳过
[65/140] 蒜蓉粉丝虾堡 → 食谱(精确)无图
[66/140] 油焖大虾 → 食谱(精确)无图
[67/140] 滑蛋虾仁 → ✓ (近似)
[68/140] 西式面包糠炸虾 → 食谱(近似)无图
[69/140] 宫爆虾球 → 食谱(精确)无图
[70/140] 韭菜炒鲜鱿 → ✓ (精确)
[71/140] 韩国辣白菜炒鱿鱼 → 食谱(近似)无图
[72/140] 铁板鱿鱼 → 无同名食谱，跳过
[73/140] 炸鱿鱼圈 → ✓ (精确)
[74/140] 辣炒蛤蜊 → ✓ (精确)
[75/140] 蒜蓉粉丝蒸扇贝 → 食谱(精确)无图
[76/140] 新加坡辣椒螃蟹 → ✓ (精确)
[77/140] 清蒸蟹 → 食谱(精确)无图
[78/140] 蚵仔煎 → ✓ (精确)
[79/140] 清炒叶菜 → 无同名食谱，跳过
[80/140] 蒜蓉叶菜 → 食谱(近似)无图
[81/140] 上汤叶菜 → ✓ (近似)
[82/140] 土豆丝 → ✓ (近似)
[83/140] 荷塘月色 → ✓ (精确)
[84/140] 烧二冬 → 食谱(精确)无图
[85/140] 炸胡萝卜丸子 → ✓ (精确)
[86/140] 地三鲜 → 食谱(精确)无图
[87/140] 松仁玉米 → 食谱(精确)无图
[88/140] 蒸烤南瓜红薯山药 → ✓ (近似)
[89/140] 烧豆腐 → ✓ (近似)
[90/140] 蒸芋头蘸白糖 → 食谱(近似)无图
[91/140] 椒盐蘑菇 → ✓ (精确)
[92/140] 日式海藻沙拉 → ✓ (精确)
[93/140] 拌凉粉 → ✓ (精确)
[94/140] 芥末三丝儿 → 食谱(精确)无图
[95/140] 凉拌菠菜 → ✓ (精确)
[96/140] 糖拌西红柿 → 食谱(精确)无图
[97/140] 拍黄瓜 → 食谱(精确)无图
[98/140] 蒸茄泥 → ✓ (精确)
[99/140] 五香花生米 → ✓ (精确)
[100/140] 盐水毛豆 → 食谱(精确)无图
[101/140] 糖醋渍樱桃萝卜 → 食谱(近似)无图
[102/140] 口水鸡 → 食谱(精确)无图
[103/140] 怪味鸡丝 → ✓ (精确)
[104/140] 东北烧鸡 → 食谱(精确)无图
[105/140] 豉油鸡 → ✓ (精确)
[106/140] 烧鸭 → 食谱(近似)无图
[107/140] 南京盐水鸭 → ✓ (精确)
[108/140] 卤猪肝 → 食谱(精确)无图
[109/140] 凉拌猪耳 → ✓ (精确)
[110/140] 卤水拼盘 → 食谱(精确)无图
[111/140] 蒜肠 → ✓ (精确)
[112/140] 广式叉烧 → 食谱(近似)无图
[113/140] 蒜泥白肉 → ✓ (精确)
[114/140] 酱牛肉 → ✓ (精确)
[115/140] 夫妻肺片 → 食谱(精确)无图
[116/140] 东北大拉皮 → ✓ (精确)
[117/140] 日式土豆泥沙拉 → ✓ (精确)
[118/140] 俄式土豆沙拉 → ✓ (精确)
[119/140] 卤猪舌 → 无同名食谱，跳过
[120/140] 卤猪头肉 → 食谱(精确)无图
[121/140] 酱肘花 → ✓ (精确)
[122/140] 卤猪蹄 → 食谱(精确)无图
